// Jest Snapshot v1, https://goo.gl/fbAQLP

exports[`ReviewList Rendering the Review List component 1`] = `ShallowWrapper {}`;
