// Jest Snapshot v1, https://goo.gl/fbAQLP

exports[`ReviewSection Rendering the Review Section component 1`] = `ShallowWrapper {}`;
